// Jest Snapshot v1, https://goo.gl/fbAQLP

exports[`Testing Product Should match snapshot 1`] = `" <div class=\\"searchBox__contenedor\\"><div class=\\"buttonLanguage__wrapper\\"><button class=\\"buttonLanguage__button\\">en</button><button class=\\"buttonLanguage__button\\">es</button></div></div><div class=\\"pokemon__container\\"><div class=\\"pokemon__wrapper\\"><div class=\\"pokemon__wrapper-catalogo\\"><div class=\\"pokemon__wrapper-img-title\\"><div class=\\"pokemon__wrapper-img\\"><img class=\\"pokemon__img\\" src=\\"img\\"></div><div class=\\"pokemon__wrapper-title\\"><h1 class=\\"pokemon__name\\">name</h1>abilities:<div class=\\"pokemon__abailities\\"><h2 class=\\"pokemon__abaility\\" style=\\"padding: 10px;\\">abilities</h2></div><h3 class=\\"pokemon__description\\">description: description</h3></div></div></div></div></div> "`;
