// Jest Snapshot v1, https://goo.gl/fbAQLP

exports[`Testing Caja de Busqueda Should match snapshot 1`] = `"<div class=\\"searchBox__contenedor\\"><div class=\\"searchBox__wrapper\\"><div><a class=\\"searchBox__wrapper-icon\\" href=\\"/\\"><img class=\\"searchBox__img\\" src=\\"/public/img/Logo_ML@2x.png\\" alt=\\"Logo Mercado Libre\\"></a></div><form class=\\"searchBox__form\\"><input class=\\"searchBox__buscador\\" type=\\"text\\"><button class=\\"searchBox__button\\"><img class=\\"searchBox__icon-search\\" src=\\"/public/img/ic_Search@2x.png\\" alt=\\"Lupa\\"></button></form></div></div>"`;
