// Jest Snapshot v1, https://goo.gl/fbAQLP

exports[`Testing Home Should match snapshot 1`] = `"  <div class=\\"searchBox__contenedor\\"><div class=\\"buttonLanguage__wrapper\\"><button class=\\"buttonLanguage__button\\">Inglés</button><button class=\\"buttonLanguage__button\\">Español</button></div></div><div class=\\"home__contenedor\\"><div class=\\"home__wrapper\\"><ul class=\\"home__ul\\"><li class=\\"card__li\\"><a class=\\"card__link\\" href=\\"/pokemon/id\\"><div class=\\"card__wrapper\\"><img src=\\"img\\" alt=\\"pokemon\\" class=\\"card__img\\"><h1 class=\\"card__name\\">name</h1></div></a></li></ul><div class=\\"home__groupButton\\"><button class=\\"home__button\\" disabled=\\"\\">Anterior</button><button class=\\"home__button\\">Siguiente</button></div></div></div> "`;
