// Jest Snapshot v1, https://goo.gl/fbAQLP

exports[`Testing Card Should match snapshot 1`] = `" <li class=\\"card__li\\"><a class=\\"card__link\\" href=\\"/pokemon/id\\"><div class=\\"card__wrapper\\"><img src=\\"img\\" alt=\\"pokemon\\" class=\\"card__img\\"><h1 class=\\"card__name\\">name</h1></div></a></li> "`;
