// Jest Snapshot v1, https://goo.gl/fbAQLP

exports[`Testing renderControllers Should match snapshot 1`] = `
"
            <html lang=\\"en\\">
                <head>
                    <meta charset=\\"UTF-8\\">
                    <meta name=\\"viewport\\" content=\\"width=device-width, initial-scale=1.0\\">
                    <link rel=\\"stylesheet\\" href=\\"/public/dist/static/app.css\\">
                    <title>App Test</title>            
                </head>
                <body>   
                    <div id=\\"root\\"> <div class=\\"searchBox__contenedor\\"><div class=\\"buttonLanguage__wrapper\\"><button class=\\"buttonLanguage__button\\">Inglés</button><button class=\\"buttonLanguage__button\\">Español</button></div></div><div class=\\"home__contenedor\\"><div class=\\"home__wrapper\\"><ul class=\\"home__ul\\"></ul><div class=\\"home__groupButton\\"><button class=\\"home__button\\" disabled=\\"\\">Anterior</button><button class=\\"home__button\\">Siguiente</button></div></div></div> </div>
                    <script src='/public/dist/static/app.js'></script>
                </body>
            </html>
        "
`;
